MySQL Shell 8.0.3-dmr

Copyright (c) 2016, 2017, Oracle and/or its affiliates. All rights reserved.

Oracle is a registered trademark of Oracle Corporation and/or its
affiliates. Other names may be trademarks of their respective
owners.

Type '\help' or '\?' for help; '\quit' to exit.

 MySQL  JS > \sql
Switching to SQL mode... Commands end with ;
 MySQL  SQL > \connect -mc root@localhost
Creating a Classic session to 'root@localhost'
Enter password:
Your MySQL connection id is 28
Server version: 5.5.8-log MySQL Community Server (GPL)
No default schema selected; type \use <schema> to set one.
 MySQL  localhost:3306  SQL > create database evaluacion_2;
Query OK, 1 row affected (0.03 sec)
 MySQL  localhost:3306  SQL > \use evaluacion_2
Schema set to `evaluacion_2`.
 MySQL  localhost:3306  evaluacion_2  SQL > create table padre(
                                        ... id int key not null auto_increment,
                                        ... campo varchar(50));
Query OK, 0 rows affected (0.20 sec)
 MySQL  localhost:3306  evaluacion_2  SQL > desc padre;
+-------+-------------+------+-----+---------+----------------+
| Field | Type        | Null | Key | Default | Extra          |
+-------+-------------+------+-----+---------+----------------+
| id    | int(11)     | NO   | PRI | NULL    | auto_increment |
| campo | varchar(50) | YES  |     | NULL    |                |
+-------+-------------+------+-----+--------create table maestro(id int not null key auto_increment, nombre varchar(50)); rows in set (0.17 sec)                    create table maestro(id int not null key auto_increment, nombre varchar(50))Query OK, 0 rows affected (0.11 sec)  SQL > create table maestro(id int not null key auto_increment, nombre varchar(59)) MySQL  localhost:3306  evaluacion_2  SQL > foreign key(maestro_id) references maestro(id) on delet restrict on update cascade);                                ... foreign key(maestro_id) references maestro(id) on delet restrict on update cERROR: 1064 (42000): You have an error in your SQL syntax; check the manual that corresponds to your MySQL server version for the right syntax to use near 'delet restrict on update cascade)' at line 3
 MySQL  localhost:3306  evaluacion_2  SQL > create table detalle(id int not null key auto_increment, maestro_id int,  foreign key(maestro_id) references maestro(id) on delete restrict on update cascade);
Query OK, 0 rows affected (0.13 sec)
 MySQL  localhost:3306  evaluacion_2  SQL > show create table detalle;
+---------+--------------------------------------------------------------------------------------------------------------------------------------------------------------------------------------------------------------------------------------------------------------------------------------------------------------+
| Table   | Create Table                                                                                                                                                                                                                                                                                                 |
+---------+--------------------------------------------------------------------------------------------------------------------------------------------------------------------------------------------------------------------------------------------------------------------------------------------------------------+
| detalle | CREATE TABLE `detalle` (
  `id` int(11) NOT NULL AUTO_INCREMENT,
  `maestro_id` int(11) DEFAULT NULL,
  PRIMARY KEY (`id`),
  KEY `maestro_id` (`maestro_id`),
  CONSTRAINT `detalle_ibfk_1` FOREIGN KEY (`maestro_id`) REFERENCES `maestro` (`id`) ON UPDATE CASCADE
) ENGINE=InnoDB DEFAULT CHARSET=latin1 |
+---------+--------------------------------------------------------------------------------------------------------------------------------------------------------------------------------------------------------------------------------------------------------------------------------------------------------------+
1 row in set (0.04 sec)
 MySQL  localhost:3306  evaluacion_2  SQL > insert into maestro(nombre) values("dato 1");
Query OK, 1 row affected (0.08 sec)
 MySQL  localhost:3306  evaluacion_2  SQL > insert into maestro(nombre) values("dato 2");
Query OK, 1 row affected (0.09 sec)
 MySQL  localhost:3306  evaluacion_2  SQL > select * from maestro;
+----+--------+
| id | nombre |
+----+--------+
|  1 | dato 1 |
|  2 | dato 2 |
+----+--------+
2 rows in set (0.03 sec)
 MySQL  localhost:3306  evaluacion_2  SQL > insert into detalle(maestro_id) values(1);
Query OK, 1 row affected (0.09 sec)
 MySQL  localhost:3306  evaluacion_2  SQL > insert into detalle(maestro_id) values(1);
Query OK, 1 row affected (0.16 sec)
 MySQL  localhost:3306  evaluacion_2  SQL > insert into detalle(maestro_id) values(2);
Query OK, 1 row affected (0.07 sec)
 MySQL  localhost:3306  evaluacion_2  SQL > insert into detalle(maestro_id) values(2);
Query OK, 1 row affected (0.09 sec)
 MySQL  localhost:3306  evaluacion_2  SQL > insert into detalle(maestro_id) values(2);
Query OK, 1 row affected (0.09 sec)
 MySQL  localhost:3306  evaluacion_2  SQL > select * from detalle;
+----+------------+
| id | maestro_id |
+----+------------+
|  1 |          1 |
|  2 |          1 |
|  3 |          2 |
|  4 |          2 |
|  5 |          2 |
+----+------------+
5 rows in set (0.00 sec)
 MySQL  localhost:3306  evaluacion_2  SQL > delet from maestro where id = 1;
ERROR: 1064 (42000): You have an error in your SQL syntax; check the manual that corresponds to your MySQL server version for the right syntax to use near 'delet from maestro where id = 1' at line 1
 MySQL  localhost:3306  evaluacion_2  SQL > delete from maestro where id = 1;
ERROR: 1451 (23000): Cannot delete or update a parent row: a foreign key constraint fails (`evaluacion_2`.`detalle`, CONSTRAINT `detalle_ibfk_1` FOREIGN KEY (`maestro_id`) REFERENCES `maestro` (`id`) ON UPDATE CASCADE)
 MySQL  localhost:3306  evaluacion_2  SQL > select * from maestro;
+----+--------+
| id | nombre |
+----+--------+
|  1 | dato 1 |
|  2 | dato 2 |
+----+--------+
2 rows in set (0.00 sec)
 MySQL  localhost:3306  evaluacion_2  SQL > update maestro set id=10 where id = 1;
Query OK, 1 row affected (0.11 sec)

Rows matched: 1  Changed: 1  Warnings: 0
 MySQL  localhost:3306  evaluacion_2  SQL > select * from maestro;
+----+--------+
| id | nombre |
+----+--------+
|  2 | dato 2 |
| 10 | dato 1 |
+----+--------+
2 rows in set (0.00 sec)
 MySQL  localhost:3306  evaluacion_2  SQL > select * from detalle;
+----+------------+
| id | maestro_id |
+----+------------+
|  3 |          2 |
|  4 |          2 |
|  5 |          2 |
|  1 |         10 |
|  2 |         10 |
+----+------------+
5 rows in set (0.00 sec)
 MySQL  localhost:3306  evaluacion_2  SQL >  crete table alumnos(
                                        ... id int not null key auto_increment,
                                        ... nombre varchar(50),
                                        ... no_control varchar(10),
                                        ... );
ERROR: 1064 (42000): You have an error in your SQL syntax; check the manual that corresponds to your MySQL server version for the right syntax to use near 'crete table alumnos(

id int not null key auto_increment,

nombre varchar(50),

' at line 1
 MySQL  localhost:3306  evaluacion_2  SQL > crete table alumnos(  id int not null key auto_increment,  nombre varchar(50),  no_control varchar(10) unique);
ERROR: 1064 (42000): You have an error in your SQL syntax; check the manual that corresponds to your MySQL server version for the right syntax to use near 'crete table alumnos(  id int not null key auto_increment,  nombre varchar(50),  ' at line 1
 MySQL  localhost:3306  evaluacion_2  SQL > create table alumnos(  id int not null key auto_increment,  nombre varchar(50),  no_control varchar(10) unique);
Query OK, 0 rows affected (0.10 sec)
 MySQL  localhost:3306  evaluacion_2  SQL > create table horarios(
                                        ... id int not null key auto_increment,
                                        ... alumno_id int,
                                        ... foreign key (alumno_id) references alumnos(id)
                                        ... on delete restrict
                                        ... on update cascade);
Query OK, 0 rows affected (0.10 sec)
 MySQL  localhost:3306  evaluacion_2  SQL > create table detalle_materias(
                                        ... id int not null key auto_increment,
                                        ... horario_id int,
                                        ... materia_id int,
                                        ... foreign key (horario_id) references horarios(id)
                                        ... on delete restrict
                                        ... on update cascade);
Query OK, 0 rows affected (0.10 sec)
 MySQL  localhost:3306  evaluacion_2  SQL > create table materias(
                                        ... id int not null key auto_increment,
                                        ... nombre varchar(50) unique);
Query OK, 0 rows affected (0.12 sec)
 MySQL  localhost:3306  evaluacion_2  SQL > alter table detalle_materias
                                        ... add foreign key(materia_id) references materias(id)
                                        ... on delete restrict
                                        ... on update cascade;
Query OK, 0 rows affected (0.24 sec)

Records: 0  Duplicates: 0  Warnings: 0
 MySQL  localhost:3306  evaluacion_2  SQL > insert into detalle_materias(horario_id, materia_id) values(5,6);
ERROR: 1452 (23000): Cannot add or update a child row: a foreign key constraint fails (`evaluacion_2`.`detalle_materias`, CONSTRAINT `detalle_materias_ibfk_1` FOREIGN KEY (`horario_id`) REFERENCES `horarios` (`id`) ON UPDATE CASCADE)
 MySQL  localhost:3306  evaluacion_2  SQL > insert  into alumnos(nombre) values("Fanny");
Query OK, 1 row affected (0.09 sec)
 MySQL  localhost:3306  evaluacion_2  SQL > insert  into alumnos(nombre) values("Gerardo");
Query OK, 1 row affected (0.09 sec)
 MySQL  localhost:3306  evaluacion_2  SQL > insert  into alumnos(nombre, no_control) values("Gerardo, 14550535");
ERROR: 1136 (21S01): Column count doesn't match value count at row 1
 MySQL  localhost:3306  evaluacion_2  SQL > insert  into alumnos(nombre, no_control) values("Gerardo", "14550535");
Query OK, 1 row affected (0.11 sec)
 MySQL  localhost:3306  evaluacion_2  SQL > select * from alumnos;
+----+---------+------------+
| id | nombre  | no_control |
+----+---------+------------+
|  1 | Fanny   | NULL       |
|  2 | Gerardo | NULL       |
|  3 | Gerardo | 14550535   |
+----+---------+------------+
3 rows in set (0.00 sec)
 MySQL  localhost:3306  evaluacion_2  SQL > desc materias;
+--------+-------------+------+-----+---------+----------------+
| Field  | Type        | Null | Key | Default | Extra          |
+--------+-------------+------+-----+---------+----------------+
| id     | int(11)     | NO   | PRI | NULL    | auto_increment |
| nombre | varchar(50) | YES  | UNI | NULL    |                |
+--------+-------------+------+-----+---------+----------------+
2 rows in set (0.06 sec)
 MySQL  localhost:3306  evaluacion_2  SQL > insert into materias(nombre) values("taller de base de datos");
Query OK, 1 row affected (0.08 sec)
 MySQL  localhost:3306  evaluacion_2  SQL > select * from materias;
+----+-------------------------+
| id | nombre                  |
+----+-------------------------+
|  1 | taller de base de datos |
+----+-------------------------+
1 row in set (0.00 sec)
 MySQL  localhost:3306  evaluacion_2  SQL > insert into materias(nombre) values("arquitectura de computadoras");
Query OK, 1 row affected (0.09 sec)
 MySQL  localhost:3306  evaluacion_2  SQL > insert into horarios(alumno_id) values(3);
Query OK, 1 row affected (0.08 sec)
 MySQL  localhost:3306  evaluacion_2  SQL > select * from horarios;
+----+-----------+
| id | alumno_id |
+----+-----------+
|  1 |         3 |
+----+-----------+
1 row in set (0.00 sec)
 MySQL  localhost:3306  evaluacion_2  SQL > desc detalle_materias;
+------------+---------+------+-----+---------+----------------+
| Field      | Type    | Null | Key | Default | Extra          |
+------------+---------+------+-----+---------+----------------+
| id         | int(11) | NO   | PRI | NULL    | auto_increment |
| horario_id | int(11) | YES  | MUL | NULL    |                |
| materia_id | int(11) | YES  | MUL | NULL    |                |
+------------+---------+------+-----+---------+----------------+
3 rows in set (0.04 sec)
 MySQL  localhost:3306  evaluacion_2  SQL > insert into detalle_materias(horario_id, materia_id) values(1, 1);
Query OK, 1 row affected (0.09 sec)
 MySQL  localhost:3306  evaluacion_2  SQL > insert into detalle_materias(horario_id, materia_id) values(1, 1);
Query OK, 1 row affected (0.08 sec)
 MySQL  localhost:3306  evaluacion_2  SQL > insert into detalle_materias(horario_id, materia_id) values(1, 2);
Query OK, 1 row affected (0.09 sec)
 MySQL  localhost:3306  evaluacion_2  SQL > select * from detalle_materias;
+----+------------+------------+
| id | horario_id | materia_id |
+----+------------+------------+
|  2 |          1 |          1 |
|  3 |          1 |          1 |
|  4 |          1 |          2 |
+----+------------+------------+
3 rows in set (0.00 sec)
 MySQL  localhost:3306  evaluacion_2  SQL >